17:10:13.227 [main] INFO  c.s.SevaBank.SevaBankApplication -Starting SevaBankApplication using Java 26.0.1 on 67s-MacBook-Pro.local with PID 28841 (/Users/vishalgautam/Downloads/BankManagementSys/SevaBank/target/classes started by vishalgautam in /Users/vishalgautam/Downloads/BankManagementSys/SevaBank)
17:10:13.230 [main] INFO  c.s.SevaBank.SevaBankApplication -No active profile set, falling back to 1 default profile: "default"
17:10:13.708 [main] INFO  o.s.b.w.e.tomcat.TomcatWebServer -Tomcat initialized with port(s): 8080 (http)
17:10:13.712 [main] INFO  o.a.coyote.http11.Http11NioProtocol -Initializing ProtocolHandler ["http-nio-8080"]
17:10:13.713 [main] INFO  o.a.catalina.core.StandardService -Starting service [Tomcat]
17:10:13.713 [main] INFO  o.a.catalina.core.StandardEngine -Starting Servlet engine: [Apache Tomcat/9.0.83]
17:10:13.749 [main] INFO  o.a.c.c.C.[Tomcat].[localhost].[/] -Initializing Spring embedded WebApplicationContext
17:10:13.749 [main] INFO  o.s.b.w.s.c.ServletWebServerApplicationContext -Root WebApplicationContext: initialization completed in 488 ms
17:10:13.769 [main] WARN  o.s.b.w.s.c.AnnotationConfigServletWebServerApplicationContext -Exception encountered during context initialization - cancelling refresh attempt: org.springframework.beans.factory.UnsatisfiedDependencyException: Error creating bean with name 'adminController' defined in file [/Users/vishalgautam/Downloads/BankManagementSys/SevaBank/target/classes/com/sevabank/SevaBank/controller/AdminController.class]: Unsatisfied dependency expressed through constructor parameter 0; nested exception is org.springframework.beans.factory.UnsatisfiedDependencyException: Error creating bean with name 'adminServicesImpln' defined in file [/Users/vishalgautam/Downloads/BankManagementSys/SevaBank/target/classes/com/sevabank/SevaBank/service/impl/AdminServicesImpln.class]: Unsatisfied dependency expressed through constructor parameter 0; nested exception is org.springframework.beans.factory.UnsatisfiedDependencyException: Error creating bean with name 'userRepository' defined in file [/Users/vishalgautam/Downloads/BankManagementSys/SevaBank/target/classes/com/sevabank/SevaBank/repository/UserRepository.class]: Unsatisfied dependency expressed through constructor parameter 0; nested exception is org.springframework.beans.factory.NoSuchBeanDefinitionException: No qualifying bean of type 'org.springframework.jdbc.core.JdbcTemplate' available: expected at least 1 bean which qualifies as autowire candidate. Dependency annotations: {}
17:10:13.770 [main] INFO  o.a.catalina.core.StandardService -Stopping service [Tomcat]
17:10:13.776 [main] INFO  o.s.b.a.l.ConditionEvaluationReportLoggingListener -

Error starting ApplicationContext. To display the conditions report re-run your application with 'debug' enabled.
17:10:13.783 [main] ERROR o.s.b.d.LoggingFailureAnalysisReporter -

***************************
APPLICATION FAILED TO START
***************************

Description:

Parameter 0 of constructor in com.sevabank.SevaBank.repository.UserRepository required a bean of type 'org.springframework.jdbc.core.JdbcTemplate' that could not be found.


Action:

Consider defining a bean of type 'org.springframework.jdbc.core.JdbcTemplate' in your configuration.

