11:03:11.429 [main] INFO  c.s.SevaBank.SevaBankApplication -Starting SevaBankApplication using Java 26.0.1 on 67s-MacBook-Pro.local with PID 34800 (/Users/vishalgautam/Downloads/BankManagementSys/SevaBank/target/classes started by vishalgautam in /Users/vishalgautam/Downloads/BankManagementSys/SevaBank)
11:03:11.433 [main] INFO  c.s.SevaBank.SevaBankApplication -No active profile set, falling back to 1 default profile: "default"
11:03:11.690 [main] INFO  o.s.d.r.c.RepositoryConfigurationDelegate -Bootstrapping Spring Data JPA repositories in DEFAULT mode.
11:03:11.697 [main] INFO  o.s.d.r.c.RepositoryConfigurationDelegate -Finished Spring Data repository scanning in 4 ms. Found 0 JPA repository interfaces.
11:03:11.868 [main] INFO  o.s.b.w.e.tomcat.TomcatWebServer -Tomcat initialized with port(s): 8080 (http)
11:03:11.870 [main] INFO  o.a.coyote.http11.Http11NioProtocol -Initializing ProtocolHandler ["http-nio-8080"]
11:03:11.871 [main] INFO  o.a.catalina.core.StandardService -Starting service [Tomcat]
11:03:11.871 [main] INFO  o.a.catalina.core.StandardEngine -Starting Servlet engine: [Apache Tomcat/9.0.83]
11:03:11.899 [main] INFO  o.a.c.c.C.[Tomcat].[localhost].[/] -Initializing Spring embedded WebApplicationContext
11:03:11.899 [main] INFO  o.s.b.w.s.c.ServletWebServerApplicationContext -Root WebApplicationContext: initialization completed in 440 ms
11:03:11.963 [main] INFO  com.zaxxer.hikari.HikariDataSource -HikariPool-1 - Starting...
11:03:12.000 [main] INFO  com.zaxxer.hikari.HikariDataSource -HikariPool-1 - Start completed.
11:03:12.021 [main] INFO  o.h.jpa.internal.util.LogHelper -HHH000204: Processing PersistenceUnitInfo [name: default]
11:03:12.035 [main] INFO  org.hibernate.Version -HHH000412: Hibernate ORM core version 5.6.15.Final
11:03:12.081 [main] INFO  o.h.annotations.common.Version -HCANN000001: Hibernate Commons Annotations {5.1.2.Final}
11:03:12.116 [main] INFO  org.hibernate.dialect.Dialect -HHH000400: Using dialect: org.hibernate.dialect.PostgreSQLDialect
11:03:12.317 [main] INFO  o.h.e.t.j.p.i.JtaPlatformInitiator -HHH000490: Using JtaPlatform implementation: [org.hibernate.engine.transaction.jta.platform.internal.NoJtaPlatform]
11:03:12.320 [main] INFO  o.s.o.j.LocalContainerEntityManagerFactoryBean -Initialized JPA EntityManagerFactory for persistence unit 'default'
11:03:12.356 [main] WARN  o.s.b.a.o.j.JpaBaseConfiguration$JpaWebConfiguration -spring.jpa.open-in-view is enabled by default. Therefore, database queries may be performed during view rendering. Explicitly configure spring.jpa.open-in-view to disable this warning
11:03:12.447 [main] INFO  o.a.coyote.http11.Http11NioProtocol -Starting ProtocolHandler ["http-nio-8080"]
11:03:12.454 [main] INFO  o.s.b.w.e.tomcat.TomcatWebServer -Tomcat started on port(s): 8080 (http) with context path ''
11:03:12.458 [main] INFO  c.s.SevaBank.SevaBankApplication -Started SevaBankApplication in 1.167 seconds (JVM running for 1.36)
11:03:15.132 [http-nio-8080-exec-1] INFO  o.a.c.c.C.[Tomcat].[localhost].[/] -Initializing Spring DispatcherServlet 'dispatcherServlet'
11:03:15.132 [http-nio-8080-exec-1] INFO  o.s.web.servlet.DispatcherServlet -Initializing Servlet 'dispatcherServlet'
11:03:15.133 [http-nio-8080-exec-1] INFO  o.s.web.servlet.DispatcherServlet -Completed initialization in 1 ms
11:03:15.213 [http-nio-8080-exec-1] INFO  c.s.S.service.impl.UserServicesImpln -User updated successfully!
11:03:34.734 [http-nio-8080-exec-2] ERROR c.s.S.s.impl.AdminServicesImpln -users list returned!
11:03:34.736 [http-nio-8080-exec-2] INFO  c.s.S.s.impl.AdminServicesImpln -user mapped to userDto
11:03:34.736 [http-nio-8080-exec-2] INFO  c.s.S.s.impl.AdminServicesImpln -user mapped to userDto
11:03:34.736 [http-nio-8080-exec-2] INFO  c.s.S.s.impl.AdminServicesImpln -user mapped to userDto
11:03:34.736 [http-nio-8080-exec-2] INFO  c.s.S.s.impl.AdminServicesImpln -user mapped to userDto
11:03:34.736 [http-nio-8080-exec-2] INFO  c.s.S.s.impl.AdminServicesImpln -user mapped to userDto
11:03:34.736 [http-nio-8080-exec-2] INFO  c.s.S.s.impl.AdminServicesImpln -user mapped to userDto
11:03:34.736 [http-nio-8080-exec-2] INFO  c.s.S.s.impl.AdminServicesImpln -user mapped to userDto
11:03:34.736 [http-nio-8080-exec-2] INFO  c.s.S.s.impl.AdminServicesImpln -user mapped to userDto
11:03:34.736 [http-nio-8080-exec-2] INFO  c.s.S.s.impl.AdminServicesImpln -user mapped to userDto
11:03:34.736 [http-nio-8080-exec-2] INFO  c.s.S.s.impl.AdminServicesImpln -user mapped to userDto
11:03:34.736 [http-nio-8080-exec-2] INFO  c.s.S.s.impl.AdminServicesImpln -user mapped to userDto
11:03:34.736 [http-nio-8080-exec-2] INFO  c.s.S.s.impl.AdminServicesImpln -user mapped to userDto
11:03:54.106 [SpringApplicationShutdownHook] INFO  o.s.o.j.LocalContainerEntityManagerFactoryBean -Closing JPA EntityManagerFactory for persistence unit 'default'
11:03:54.107 [SpringApplicationShutdownHook] INFO  com.zaxxer.hikari.HikariDataSource -HikariPool-1 - Shutdown initiated...
11:03:54.107 [SpringApplicationShutdownHook] INFO  com.zaxxer.hikari.HikariDataSource -HikariPool-1 - Shutdown completed.
