15:19:09.124 [main] INFO  c.s.SevaBank.SevaBankApplication -Starting SevaBankApplication using Java 26.0.1 on 67s-MacBook-Pro.local with PID 79753 (/Users/vishalgautam/Downloads/BankManagementSys/SevaBank/target/classes started by vishalgautam in /Users/vishalgautam/Downloads/BankManagementSys/SevaBank)
15:19:09.127 [main] INFO  c.s.SevaBank.SevaBankApplication -No active profile set, falling back to 1 default profile: "default"
15:19:09.373 [main] INFO  o.s.d.r.c.RepositoryConfigurationDelegate -Bootstrapping Spring Data JPA repositories in DEFAULT mode.
15:19:09.395 [main] INFO  o.s.d.r.c.RepositoryConfigurationDelegate -Finished Spring Data repository scanning in 19 ms. Found 3 JPA repository interfaces.
15:19:09.578 [main] INFO  o.s.b.w.e.tomcat.TomcatWebServer -Tomcat initialized with port(s): 8080 (http)
15:19:09.582 [main] INFO  o.a.coyote.http11.Http11NioProtocol -Initializing ProtocolHandler ["http-nio-8080"]
15:19:09.582 [main] INFO  o.a.catalina.core.StandardService -Starting service [Tomcat]
15:19:09.582 [main] INFO  o.a.catalina.core.StandardEngine -Starting Servlet engine: [Apache Tomcat/9.0.83]
15:19:09.616 [main] INFO  o.a.c.c.C.[Tomcat].[localhost].[/] -Initializing Spring embedded WebApplicationContext
15:19:09.616 [main] INFO  o.s.b.w.s.c.ServletWebServerApplicationContext -Root WebApplicationContext: initialization completed in 459 ms
15:19:09.688 [main] INFO  o.h.jpa.internal.util.LogHelper -HHH000204: Processing PersistenceUnitInfo [name: default]
15:19:09.704 [main] INFO  org.hibernate.Version -HHH000412: Hibernate ORM core version 5.6.15.Final
15:19:09.756 [main] INFO  o.h.annotations.common.Version -HCANN000001: Hibernate Commons Annotations {5.1.2.Final}
15:19:09.782 [main] INFO  com.zaxxer.hikari.HikariDataSource -HikariPool-1 - Starting...
15:19:09.822 [main] INFO  com.zaxxer.hikari.HikariDataSource -HikariPool-1 - Start completed.
15:19:09.829 [main] INFO  org.hibernate.dialect.Dialect -HHH000400: Using dialect: org.hibernate.dialect.PostgreSQLDialect
15:19:10.117 [main] INFO  o.h.e.t.j.p.i.JtaPlatformInitiator -HHH000490: Using JtaPlatform implementation: [org.hibernate.engine.transaction.jta.platform.internal.NoJtaPlatform]
15:19:10.121 [main] INFO  o.s.o.j.LocalContainerEntityManagerFactoryBean -Initialized JPA EntityManagerFactory for persistence unit 'default'
15:19:10.318 [main] WARN  o.s.b.a.o.j.JpaBaseConfiguration$JpaWebConfiguration -spring.jpa.open-in-view is enabled by default. Therefore, database queries may be performed during view rendering. Explicitly configure spring.jpa.open-in-view to disable this warning
15:19:10.422 [main] INFO  o.a.coyote.http11.Http11NioProtocol -Starting ProtocolHandler ["http-nio-8080"]
15:19:10.429 [main] INFO  o.s.b.w.e.tomcat.TomcatWebServer -Tomcat started on port(s): 8080 (http) with context path ''
15:19:10.434 [main] INFO  c.s.SevaBank.SevaBankApplication -Started SevaBankApplication in 1.449 seconds (JVM running for 1.663)
15:19:14.158 [http-nio-8080-exec-1] INFO  o.a.c.c.C.[Tomcat].[localhost].[/] -Initializing Spring DispatcherServlet 'dispatcherServlet'
15:19:14.158 [http-nio-8080-exec-1] INFO  o.s.web.servlet.DispatcherServlet -Initializing Servlet 'dispatcherServlet'
15:19:14.160 [http-nio-8080-exec-1] INFO  o.s.web.servlet.DispatcherServlet -Completed initialization in 2 ms
15:19:14.248 [http-nio-8080-exec-1] INFO  c.s.S.service.impl.BankServicesImpln -transaction saved!
15:19:14.253 [http-nio-8080-exec-1] INFO  c.s.S.service.impl.BankServicesImpln -amount withdrawal successfully
15:19:14.256 [http-nio-8080-exec-1] INFO  c.s.S.service.impl.BankServicesImpln -normal bank class to dto converted
15:19:14.260 [http-nio-8080-exec-1] ERROR c.s.S.e.GlobalExceptionHandler -Cannot invoke "java.lang.Long.longValue()" because "current" is null
