12:05:00.149 [main] INFO  o.s.b.w.e.tomcat.TomcatWebServer -Tomcat initialized with port(s): 8080 (http)
12:05:00.153 [main] INFO  o.a.coyote.http11.Http11NioProtocol -Initializing ProtocolHandler ["http-nio-8080"]
12:05:00.154 [main] INFO  o.a.catalina.core.StandardService -Starting service [Tomcat]
12:05:00.154 [main] INFO  o.a.catalina.core.StandardEngine -Starting Servlet engine: [Apache Tomcat/9.0.83]
12:05:00.195 [main] INFO  o.a.c.c.C.[Tomcat].[localhost].[/] -Initializing Spring embedded WebApplicationContext
12:05:00.195 [main] INFO  o.s.b.w.s.c.ServletWebServerApplicationContext -Root WebApplicationContext: initialization completed in 394 ms
12:05:00.269 [main] INFO  o.h.jpa.internal.util.LogHelper -HHH000204: Processing PersistenceUnitInfo [name: default]
12:05:00.283 [main] INFO  org.hibernate.Version -HHH000412: Hibernate ORM core version 5.6.15.Final
12:05:00.327 [main] INFO  o.h.annotations.common.Version -HCANN000001: Hibernate Commons Annotations {5.1.2.Final}
12:05:00.353 [main] INFO  com.zaxxer.hikari.HikariDataSource -HikariPool-1 - Starting...
12:05:00.387 [main] INFO  com.zaxxer.hikari.HikariDataSource -HikariPool-1 - Start completed.
12:05:00.392 [main] INFO  org.hibernate.dialect.Dialect -HHH000400: Using dialect: org.hibernate.dialect.PostgreSQLDialect
12:05:00.671 [main] INFO  o.h.e.t.j.p.i.JtaPlatformInitiator -HHH000490: Using JtaPlatform implementation: [org.hibernate.engine.transaction.jta.platform.internal.NoJtaPlatform]
12:05:00.674 [main] INFO  o.s.o.j.LocalContainerEntityManagerFactoryBean -Initialized JPA EntityManagerFactory for persistence unit 'default'
12:05:00.701 [main] WARN  o.s.b.a.o.j.JpaBaseConfiguration$JpaWebConfiguration -spring.jpa.open-in-view is enabled by default. Therefore, database queries may be performed during view rendering. Explicitly configure spring.jpa.open-in-view to disable this warning
12:05:00.939 [main] INFO  o.a.coyote.http11.Http11NioProtocol -Starting ProtocolHandler ["http-nio-8080"]
12:05:00.950 [main] INFO  o.s.b.w.e.tomcat.TomcatWebServer -Tomcat started on port(s): 8080 (http) with context path ''
12:05:00.954 [main] INFO  c.s.SevaBank.SevaBankApplication -Started SevaBankApplication in 1.31 seconds (JVM running for 1.508)
12:05:02.903 [http-nio-8080-exec-1] INFO  o.a.c.c.C.[Tomcat].[localhost].[/] -Initializing Spring DispatcherServlet 'dispatcherServlet'
12:05:02.904 [http-nio-8080-exec-1] INFO  o.s.web.servlet.DispatcherServlet -Initializing Servlet 'dispatcherServlet'
12:05:02.904 [http-nio-8080-exec-1] INFO  o.s.web.servlet.DispatcherServlet -Completed initialization in 0 ms
12:05:02.957 [http-nio-8080-exec-1] INFO  c.s.S.service.impl.UserServicesImpln -User created with id-null
