17:37:05.336 [SpringApplicationShutdownHook] INFO  o.s.o.j.LocalContainerEntityManagerFactoryBean -Closing JPA EntityManagerFactory for persistence unit 'default'
17:37:05.338 [SpringApplicationShutdownHook] INFO  com.zaxxer.hikari.HikariDataSource -HikariPool-1 - Shutdown initiated...
17:37:05.339 [SpringApplicationShutdownHook] INFO  com.zaxxer.hikari.HikariDataSource -HikariPool-1 - Shutdown completed.
17:37:06.727 [main] INFO  c.s.SevaBank.SevaBankApplication -Starting SevaBankApplication using Java 26.0.1 on 67s-MacBook-Pro.local with PID 31332 (/Users/vishalgautam/Downloads/BankManagementSys/SevaBank/target/classes started by vishalgautam in /Users/vishalgautam/Downloads/BankManagementSys/SevaBank)
17:37:06.729 [main] INFO  c.s.SevaBank.SevaBankApplication -No active profile set, falling back to 1 default profile: "default"
17:37:06.941 [main] INFO  o.s.d.r.c.RepositoryConfigurationDelegate -Bootstrapping Spring Data JPA repositories in DEFAULT mode.
17:37:06.947 [main] INFO  o.s.d.r.c.RepositoryConfigurationDelegate -Finished Spring Data repository scanning in 3 ms. Found 0 JPA repository interfaces.
17:37:07.121 [main] INFO  o.s.b.w.e.tomcat.TomcatWebServer -Tomcat initialized with port(s): 8080 (http)
17:37:07.123 [main] INFO  o.a.coyote.http11.Http11NioProtocol -Initializing ProtocolHandler ["http-nio-8080"]
17:37:07.124 [main] INFO  o.a.catalina.core.StandardService -Starting service [Tomcat]
17:37:07.124 [main] INFO  o.a.catalina.core.StandardEngine -Starting Servlet engine: [Apache Tomcat/9.0.83]
17:37:07.155 [main] INFO  o.a.c.c.C.[Tomcat].[localhost].[/] -Initializing Spring embedded WebApplicationContext
17:37:07.155 [main] INFO  o.s.b.w.s.c.ServletWebServerApplicationContext -Root WebApplicationContext: initialization completed in 407 ms
17:37:07.223 [main] INFO  com.zaxxer.hikari.HikariDataSource -HikariPool-1 - Starting...
17:37:07.260 [main] INFO  com.zaxxer.hikari.HikariDataSource -HikariPool-1 - Start completed.
17:37:07.279 [main] INFO  o.h.jpa.internal.util.LogHelper -HHH000204: Processing PersistenceUnitInfo [name: default]
17:37:07.294 [main] INFO  org.hibernate.Version -HHH000412: Hibernate ORM core version 5.6.15.Final
17:37:07.342 [main] INFO  o.h.annotations.common.Version -HCANN000001: Hibernate Commons Annotations {5.1.2.Final}
17:37:07.375 [main] INFO  org.hibernate.dialect.Dialect -HHH000400: Using dialect: org.hibernate.dialect.PostgreSQLDialect
17:37:07.579 [main] INFO  o.h.e.t.j.p.i.JtaPlatformInitiator -HHH000490: Using JtaPlatform implementation: [org.hibernate.engine.transaction.jta.platform.internal.NoJtaPlatform]
17:37:07.582 [main] INFO  o.s.o.j.LocalContainerEntityManagerFactoryBean -Initialized JPA EntityManagerFactory for persistence unit 'default'
17:37:07.616 [main] WARN  o.s.b.a.o.j.JpaBaseConfiguration$JpaWebConfiguration -spring.jpa.open-in-view is enabled by default. Therefore, database queries may be performed during view rendering. Explicitly configure spring.jpa.open-in-view to disable this warning
17:37:07.715 [main] INFO  o.a.coyote.http11.Http11NioProtocol -Starting ProtocolHandler ["http-nio-8080"]
17:37:07.722 [main] INFO  o.s.b.w.e.tomcat.TomcatWebServer -Tomcat started on port(s): 8080 (http) with context path ''
17:37:07.726 [main] INFO  c.s.SevaBank.SevaBankApplication -Started SevaBankApplication in 1.139 seconds (JVM running for 1.342)
17:37:38.976 [http-nio-8080-exec-1] INFO  o.a.c.c.C.[Tomcat].[localhost].[/] -Initializing Spring DispatcherServlet 'dispatcherServlet'
17:37:38.977 [http-nio-8080-exec-1] INFO  o.s.web.servlet.DispatcherServlet -Initializing Servlet 'dispatcherServlet'
17:37:38.978 [http-nio-8080-exec-1] INFO  o.s.web.servlet.DispatcherServlet -Completed initialization in 1 ms
17:37:39.025 [http-nio-8080-exec-1] ERROR c.s.S.s.impl.AdminServicesImpln -users list returned!
17:37:39.025 [http-nio-8080-exec-1] INFO  c.s.S.s.impl.AdminServicesImpln -user mapped to userDto
17:37:39.025 [http-nio-8080-exec-1] INFO  c.s.S.s.impl.AdminServicesImpln -user mapped to userDto
17:37:39.025 [http-nio-8080-exec-1] INFO  c.s.S.s.impl.AdminServicesImpln -user mapped to userDto
17:37:39.025 [http-nio-8080-exec-1] INFO  c.s.S.s.impl.AdminServicesImpln -user mapped to userDto
17:37:39.025 [http-nio-8080-exec-1] INFO  c.s.S.s.impl.AdminServicesImpln -user mapped to userDto
17:37:39.025 [http-nio-8080-exec-1] INFO  c.s.S.s.impl.AdminServicesImpln -user mapped to userDto
17:37:39.025 [http-nio-8080-exec-1] INFO  c.s.S.s.impl.AdminServicesImpln -user mapped to userDto
17:37:39.025 [http-nio-8080-exec-1] INFO  c.s.S.s.impl.AdminServicesImpln -user mapped to userDto
17:37:39.025 [http-nio-8080-exec-1] INFO  c.s.S.s.impl.AdminServicesImpln -user mapped to userDto
17:37:39.025 [http-nio-8080-exec-1] INFO  c.s.S.s.impl.AdminServicesImpln -user mapped to userDto
17:37:39.025 [http-nio-8080-exec-1] INFO  c.s.S.s.impl.AdminServicesImpln -user mapped to userDto
17:37:39.025 [http-nio-8080-exec-1] INFO  c.s.S.s.impl.AdminServicesImpln -user mapped to userDto
