16:37:18.730 [SpringApplicationShutdownHook] INFO  o.s.o.j.LocalContainerEntityManagerFactoryBean -Closing JPA EntityManagerFactory for persistence unit 'default'
16:37:18.733 [SpringApplicationShutdownHook] INFO  com.zaxxer.hikari.HikariDataSource -HikariPool-1 - Shutdown initiated...
16:37:18.734 [SpringApplicationShutdownHook] INFO  com.zaxxer.hikari.HikariDataSource -HikariPool-1 - Shutdown completed.
16:37:20.309 [main] INFO  c.s.SevaBank.SevaBankApplication -Starting SevaBankApplication using Java 26.0.1 on 67s-MacBook-Pro.local with PID 23778 (/Users/vishalgautam/Downloads/BankManagementSys/SevaBank/target/classes started by vishalgautam in /Users/vishalgautam/Downloads/BankManagementSys/SevaBank)
16:37:20.310 [main] INFO  c.s.SevaBank.SevaBankApplication -No active profile set, falling back to 1 default profile: "default"
16:37:20.516 [main] INFO  o.s.d.r.c.RepositoryConfigurationDelegate -Bootstrapping Spring Data JPA repositories in DEFAULT mode.
16:37:20.537 [main] INFO  o.s.d.r.c.RepositoryConfigurationDelegate -Finished Spring Data repository scanning in 18 ms. Found 1 JPA repository interfaces.
16:37:20.707 [main] INFO  o.s.b.w.e.tomcat.TomcatWebServer -Tomcat initialized with port(s): 8080 (http)
16:37:20.710 [main] INFO  o.a.coyote.http11.Http11NioProtocol -Initializing ProtocolHandler ["http-nio-8080"]
16:37:20.711 [main] INFO  o.a.catalina.core.StandardService -Starting service [Tomcat]
16:37:20.711 [main] INFO  o.a.catalina.core.StandardEngine -Starting Servlet engine: [Apache Tomcat/9.0.83]
16:37:20.742 [main] INFO  o.a.c.c.C.[Tomcat].[localhost].[/] -Initializing Spring embedded WebApplicationContext
16:37:20.742 [main] INFO  o.s.b.w.s.c.ServletWebServerApplicationContext -Root WebApplicationContext: initialization completed in 411 ms
16:37:20.822 [main] INFO  o.h.jpa.internal.util.LogHelper -HHH000204: Processing PersistenceUnitInfo [name: default]
16:37:20.837 [main] INFO  org.hibernate.Version -HHH000412: Hibernate ORM core version 5.6.15.Final
16:37:20.884 [main] INFO  o.h.annotations.common.Version -HCANN000001: Hibernate Commons Annotations {5.1.2.Final}
16:37:20.908 [main] INFO  com.zaxxer.hikari.HikariDataSource -HikariPool-1 - Starting...
16:37:20.940 [main] INFO  com.zaxxer.hikari.HikariDataSource -HikariPool-1 - Start completed.
16:37:20.948 [main] INFO  org.hibernate.dialect.Dialect -HHH000400: Using dialect: org.hibernate.dialect.PostgreSQLDialect
16:37:21.233 [main] INFO  o.h.e.t.j.p.i.JtaPlatformInitiator -HHH000490: Using JtaPlatform implementation: [org.hibernate.engine.transaction.jta.platform.internal.NoJtaPlatform]
16:37:21.236 [main] INFO  o.s.o.j.LocalContainerEntityManagerFactoryBean -Initialized JPA EntityManagerFactory for persistence unit 'default'
16:37:21.348 [main] WARN  o.s.b.a.o.j.JpaBaseConfiguration$JpaWebConfiguration -spring.jpa.open-in-view is enabled by default. Therefore, database queries may be performed during view rendering. Explicitly configure spring.jpa.open-in-view to disable this warning
16:37:21.439 [main] INFO  o.a.coyote.http11.Http11NioProtocol -Starting ProtocolHandler ["http-nio-8080"]
16:37:21.447 [main] INFO  o.s.b.w.e.tomcat.TomcatWebServer -Tomcat started on port(s): 8080 (http) with context path ''
16:37:21.452 [main] INFO  c.s.SevaBank.SevaBankApplication -Started SevaBankApplication in 1.273 seconds (JVM running for 1.458)
16:37:23.698 [http-nio-8080-exec-1] INFO  o.a.c.c.C.[Tomcat].[localhost].[/] -Initializing Spring DispatcherServlet 'dispatcherServlet'
16:37:23.699 [http-nio-8080-exec-1] INFO  o.s.web.servlet.DispatcherServlet -Initializing Servlet 'dispatcherServlet'
16:37:23.700 [http-nio-8080-exec-1] INFO  o.s.web.servlet.DispatcherServlet -Completed initialization in 1 ms
16:37:23.722 [http-nio-8080-exec-1] INFO  c.s.S.s.impl.AdminServicesImpln -returned users having savings account
16:37:23.723 [http-nio-8080-exec-1] INFO  c.s.S.s.impl.AdminServicesImpln -user mapped to userDto
16:37:23.723 [http-nio-8080-exec-1] INFO  c.s.S.s.impl.AdminServicesImpln -user mapped to userDto
16:37:23.723 [http-nio-8080-exec-1] INFO  c.s.S.s.impl.AdminServicesImpln -user mapped to userDto
16:37:23.723 [http-nio-8080-exec-1] INFO  c.s.S.s.impl.AdminServicesImpln -user mapped to userDto
16:37:23.723 [http-nio-8080-exec-1] INFO  c.s.S.s.impl.AdminServicesImpln -user mapped to userDto
16:37:23.723 [http-nio-8080-exec-1] INFO  c.s.S.s.impl.AdminServicesImpln -user mapped to userDto
