12:02:54.836 [SpringApplicationShutdownHook] INFO  o.s.o.j.LocalContainerEntityManagerFactoryBean -Closing JPA EntityManagerFactory for persistence unit 'default'
12:02:54.839 [SpringApplicationShutdownHook] INFO  com.zaxxer.hikari.HikariDataSource -HikariPool-1 - Shutdown initiated...
12:02:54.841 [SpringApplicationShutdownHook] INFO  com.zaxxer.hikari.HikariDataSource -HikariPool-1 - Shutdown completed.
12:02:56.351 [main] INFO  c.s.SevaBank.SevaBankApplication -Starting SevaBankApplication using Java 26.0.1 on 67s-MacBook-Pro.local with PID 99064 (/Users/vishalgautam/Downloads/BankManagementSys/SevaBank/target/classes started by vishalgautam in /Users/vishalgautam/Downloads/BankManagementSys/SevaBank)
12:02:56.352 [main] INFO  c.s.SevaBank.SevaBankApplication -No active profile set, falling back to 1 default profile: "default"
12:02:56.559 [main] INFO  o.s.d.r.c.RepositoryConfigurationDelegate -Bootstrapping Spring Data JPA repositories in DEFAULT mode.
12:02:56.581 [main] INFO  o.s.d.r.c.RepositoryConfigurationDelegate -Finished Spring Data repository scanning in 18 ms. Found 1 JPA repository interfaces.
12:02:56.755 [main] INFO  o.s.b.w.e.tomcat.TomcatWebServer -Tomcat initialized with port(s): 8080 (http)
12:02:56.757 [main] INFO  o.a.coyote.http11.Http11NioProtocol -Initializing ProtocolHandler ["http-nio-8080"]
12:02:56.758 [main] INFO  o.a.catalina.core.StandardService -Starting service [Tomcat]
12:02:56.758 [main] INFO  o.a.catalina.core.StandardEngine -Starting Servlet engine: [Apache Tomcat/9.0.83]
12:02:56.792 [main] INFO  o.a.c.c.C.[Tomcat].[localhost].[/] -Initializing Spring embedded WebApplicationContext
12:02:56.792 [main] INFO  o.s.b.w.s.c.ServletWebServerApplicationContext -Root WebApplicationContext: initialization completed in 419 ms
12:02:56.866 [main] INFO  o.h.jpa.internal.util.LogHelper -HHH000204: Processing PersistenceUnitInfo [name: default]
12:02:56.881 [main] INFO  org.hibernate.Version -HHH000412: Hibernate ORM core version 5.6.15.Final
12:02:56.926 [main] INFO  o.h.annotations.common.Version -HCANN000001: Hibernate Commons Annotations {5.1.2.Final}
12:02:56.950 [main] INFO  com.zaxxer.hikari.HikariDataSource -HikariPool-1 - Starting...
12:02:56.987 [main] INFO  com.zaxxer.hikari.HikariDataSource -HikariPool-1 - Start completed.
12:02:56.994 [main] INFO  org.hibernate.dialect.Dialect -HHH000400: Using dialect: org.hibernate.dialect.PostgreSQLDialect
12:02:57.268 [main] INFO  o.h.e.t.j.p.i.JtaPlatformInitiator -HHH000490: Using JtaPlatform implementation: [org.hibernate.engine.transaction.jta.platform.internal.NoJtaPlatform]
12:02:57.272 [main] INFO  o.s.o.j.LocalContainerEntityManagerFactoryBean -Initialized JPA EntityManagerFactory for persistence unit 'default'
12:02:57.389 [main] WARN  o.s.b.a.o.j.JpaBaseConfiguration$JpaWebConfiguration -spring.jpa.open-in-view is enabled by default. Therefore, database queries may be performed during view rendering. Explicitly configure spring.jpa.open-in-view to disable this warning
12:02:57.485 [main] INFO  o.a.coyote.http11.Http11NioProtocol -Starting ProtocolHandler ["http-nio-8080"]
12:02:57.495 [main] INFO  o.s.b.w.e.tomcat.TomcatWebServer -Tomcat started on port(s): 8080 (http) with context path ''
12:02:57.500 [main] INFO  c.s.SevaBank.SevaBankApplication -Started SevaBankApplication in 1.282 seconds (JVM running for 1.47)
12:02:59.339 [http-nio-8080-exec-1] INFO  o.a.c.c.C.[Tomcat].[localhost].[/] -Initializing Spring DispatcherServlet 'dispatcherServlet'
12:02:59.339 [http-nio-8080-exec-1] INFO  o.s.web.servlet.DispatcherServlet -Initializing Servlet 'dispatcherServlet'
12:02:59.340 [http-nio-8080-exec-1] INFO  o.s.web.servlet.DispatcherServlet -Completed initialization in 1 ms
12:02:59.390 [http-nio-8080-exec-1] INFO  c.s.S.service.impl.BankServicesImpln -Creating bank acount with user-id-null
12:02:59.399 [http-nio-8080-exec-1] ERROR c.s.S.e.GlobalExceptionHandler -[com.sevabank.SevaBank.service.impl.BankServicesImpln.lambda$createBankAccount$1(BankServicesImpln.java:72), java.base/java.util.Optional.orElseThrow(Optional.java:407), com.sevabank.SevaBank.service.impl.BankServicesImpln.createBankAccount(BankServicesImpln.java:72), com.sevabank.SevaBank.controller.BankAccountController.createBankAccount(BankAccountController.java:25), java.base/jdk.internal.reflect.DirectMethodHandleAccessor.invoke(DirectMethodHandleAccessor.java:104), java.base/java.lang.reflect.Method.invoke(Method.java:565), org.springframework.web.method.support.InvocableHandlerMethod.doInvoke(InvocableHandlerMethod.java:205), org.springframework.web.method.support.InvocableHandlerMethod.invokeForRequest(InvocableHandlerMethod.java:150), org.springframework.web.servlet.mvc.method.annotation.ServletInvocableHandlerMethod.invokeAndHandle(ServletInvocableHandlerMethod.java:117), org.springframework.web.servlet.mvc.method.annotation.RequestMappingHandlerAdapter.invokeHandlerMethod(RequestMappingHandlerAdapter.java:895), org.springframework.web.servlet.mvc.method.annotation.RequestMappingHandlerAdapter.handleInternal(RequestMappingHandlerAdapter.java:808), org.springframework.web.servlet.mvc.method.AbstractHandlerMethodAdapter.handle(AbstractHandlerMethodAdapter.java:87), org.springframework.web.servlet.DispatcherServlet.doDispatch(DispatcherServlet.java:1072), org.springframework.web.servlet.DispatcherServlet.doService(DispatcherServlet.java:965), org.springframework.web.servlet.FrameworkServlet.processRequest(FrameworkServlet.java:1006), org.springframework.web.servlet.FrameworkServlet.doPost(FrameworkServlet.java:909), javax.servlet.http.HttpServlet.service(HttpServlet.java:555), org.springframework.web.servlet.FrameworkServlet.service(FrameworkServlet.java:883), javax.servlet.http.HttpServlet.service(HttpServlet.java:623), org.apache.catalina.core.ApplicationFilterChain.internalDoFilter(ApplicationFilterChain.java:209), org.apache.catalina.core.ApplicationFilterChain.doFilter(ApplicationFilterChain.java:153), org.apache.tomcat.websocket.server.WsFilter.doFilter(WsFilter.java:51), org.apache.catalina.core.ApplicationFilterChain.internalDoFilter(ApplicationFilterChain.java:178), org.apache.catalina.core.ApplicationFilterChain.doFilter(ApplicationFilterChain.java:153), org.springframework.web.filter.RequestContextFilter.doFilterInternal(RequestContextFilter.java:100), org.springframework.web.filter.OncePerRequestFilter.doFilter(OncePerRequestFilter.java:117), org.apache.catalina.core.ApplicationFilterChain.internalDoFilter(ApplicationFilterChain.java:178), org.apache.catalina.core.ApplicationFilterChain.doFilter(ApplicationFilterChain.java:153), org.springframework.web.filter.FormContentFilter.doFilterInternal(FormContentFilter.java:93), org.springframework.web.filter.OncePerRequestFilter.doFilter(OncePerRequestFilter.java:117), org.apache.catalina.core.ApplicationFilterChain.internalDoFilter(ApplicationFilterChain.java:178), org.apache.catalina.core.ApplicationFilterChain.doFilter(ApplicationFilterChain.java:153), org.springframework.web.filter.CharacterEncodingFilter.doFilterInternal(CharacterEncodingFilter.java:201), org.springframework.web.filter.OncePerRequestFilter.doFilter(OncePerRequestFilter.java:117), org.apache.catalina.core.ApplicationFilterChain.internalDoFilter(ApplicationFilterChain.java:178), org.apache.catalina.core.ApplicationFilterChain.doFilter(ApplicationFilterChain.java:153), org.apache.catalina.core.StandardWrapperValve.invoke(StandardWrapperValve.java:168), org.apache.catalina.core.StandardContextValve.invoke(StandardContextValve.java:90), org.apache.catalina.authenticator.AuthenticatorBase.invoke(AuthenticatorBase.java:481), org.apache.catalina.core.StandardHostValve.invoke(StandardHostValve.java:130), org.apache.catalina.valves.ErrorReportValve.invoke(ErrorReportValve.java:93), org.apache.catalina.core.StandardEngineValve.invoke(StandardEngineValve.java:74), org.apache.catalina.connector.CoyoteAdapter.service(CoyoteAdapter.java:342), org.apache.coyote.http11.Http11Processor.service(Http11Processor.java:390), org.apache.coyote.AbstractProcessorLight.process(AbstractProcessorLight.java:63), org.apache.coyote.AbstractProtocol$ConnectionHandler.process(AbstractProtocol.java:928), org.apache.tomcat.util.net.NioEndpoint$SocketProcessor.doRun(NioEndpoint.java:1794), org.apache.tomcat.util.net.SocketProcessorBase.run(SocketProcessorBase.java:52), org.apache.tomcat.util.threads.ThreadPoolExecutor.runWorker(ThreadPoolExecutor.java:1191), org.apache.tomcat.util.threads.ThreadPoolExecutor$Worker.run(ThreadPoolExecutor.java:659), org.apache.tomcat.util.threads.TaskThread$WrappingRunnable.run(TaskThread.java:61), java.base/java.lang.Thread.run(Thread.java:1516)]
