12:11:50.731 [main] INFO  c.s.SevaBank.SevaBankApplication -Starting SevaBankApplication using Java 26.0.1 on 67s-MacBook-Pro.local with PID 12807 (/Users/vishalgautam/Downloads/BankManagementSys/SevaBank/target/classes started by vishalgautam in /Users/vishalgautam/Downloads/BankManagementSys/SevaBank)
12:11:50.734 [main] INFO  c.s.SevaBank.SevaBankApplication -No active profile set, falling back to 1 default profile: "default"
12:11:50.988 [main] INFO  o.s.d.r.c.RepositoryConfigurationDelegate -Bootstrapping Spring Data JPA repositories in DEFAULT mode.
12:11:50.995 [main] INFO  o.s.d.r.c.RepositoryConfigurationDelegate -Finished Spring Data repository scanning in 4 ms. Found 0 JPA repository interfaces.
12:11:51.156 [main] INFO  o.s.b.w.e.tomcat.TomcatWebServer -Tomcat initialized with port(s): 8080 (http)
12:11:51.158 [main] INFO  o.a.coyote.http11.Http11NioProtocol -Initializing ProtocolHandler ["http-nio-8080"]
12:11:51.159 [main] INFO  o.a.catalina.core.StandardService -Starting service [Tomcat]
12:11:51.159 [main] INFO  o.a.catalina.core.StandardEngine -Starting Servlet engine: [Apache Tomcat/9.0.83]
12:11:51.188 [main] INFO  o.a.c.c.C.[Tomcat].[localhost].[/] -Initializing Spring embedded WebApplicationContext
12:11:51.188 [main] INFO  o.s.b.w.s.c.ServletWebServerApplicationContext -Root WebApplicationContext: initialization completed in 428 ms
12:11:51.206 [main] WARN  o.s.b.w.s.c.AnnotationConfigServletWebServerApplicationContext -Exception encountered during context initialization - cancelling refresh attempt: org.springframework.beans.factory.UnsatisfiedDependencyException: Error creating bean with name 'hikariConfig' defined in file [/Users/vishalgautam/Downloads/BankManagementSys/SevaBank/target/classes/com/sevabank/SevaBank/config/HikariConfig.class]: Unsatisfied dependency expressed through constructor parameter 0; nested exception is org.springframework.beans.factory.NoUniqueBeanDefinitionException: No qualifying bean of type 'javax.sql.DataSource' available: expected single matching bean but found 2: postgresDataSource,mysqlDataSource
12:11:51.208 [main] INFO  o.a.catalina.core.StandardService -Stopping service [Tomcat]
12:11:51.216 [main] INFO  o.s.b.a.l.ConditionEvaluationReportLoggingListener -

Error starting ApplicationContext. To display the conditions report re-run your application with 'debug' enabled.
12:11:51.224 [main] ERROR o.s.b.d.LoggingFailureAnalysisReporter -

***************************
APPLICATION FAILED TO START
***************************

Description:

Parameter 0 of constructor in com.sevabank.SevaBank.config.HikariConfig required a single bean, but 2 were found:
	- postgresDataSource: defined by method 'postgresDataSource' in class path resource [com/sevabank/SevaBank/config/DataSourceConfig.class]
	- mysqlDataSource: defined by method 'mysqlDataSource' in class path resource [com/sevabank/SevaBank/config/DataSourceConfig.class]


Action:

Consider marking one of the beans as @Primary, updating the consumer to accept multiple beans, or using @Qualifier to identify the bean that should be consumed

