10:48:20.017 [SpringApplicationShutdownHook] INFO  o.s.o.j.LocalContainerEntityManagerFactoryBean -Closing JPA EntityManagerFactory for persistence unit 'default'
10:48:20.019 [SpringApplicationShutdownHook] INFO  com.zaxxer.hikari.HikariDataSource -HikariPool-1 - Shutdown initiated...
10:48:20.020 [SpringApplicationShutdownHook] INFO  com.zaxxer.hikari.HikariDataSource -HikariPool-1 - Shutdown completed.
12:26:53.322 [main] INFO  c.s.SevaBank.SevaBankApplication -Starting SevaBankApplication using Java 26.0.1 on 67s-MacBook-Pro.local with PID 13928 (/Users/vishalgautam/Downloads/BankManagementSys/SevaBank/target/classes started by vishalgautam in /Users/vishalgautam/Downloads/BankManagementSys/SevaBank)
12:26:53.324 [main] INFO  c.s.SevaBank.SevaBankApplication -No active profile set, falling back to 1 default profile: "default"
12:26:53.588 [main] INFO  o.s.d.r.c.RepositoryConfigurationDelegate -Bootstrapping Spring Data JPA repositories in DEFAULT mode.
12:26:53.612 [main] INFO  o.s.d.r.c.RepositoryConfigurationDelegate -Finished Spring Data repository scanning in 18 ms. Found 3 JPA repository interfaces.
12:26:53.795 [main] INFO  o.s.b.w.e.tomcat.TomcatWebServer -Tomcat initialized with port(s): 8080 (http)
12:26:53.798 [main] INFO  o.a.coyote.http11.Http11NioProtocol -Initializing ProtocolHandler ["http-nio-8080"]
12:26:53.799 [main] INFO  o.a.catalina.core.StandardService -Starting service [Tomcat]
12:26:53.800 [main] INFO  o.a.catalina.core.StandardEngine -Starting Servlet engine: [Apache Tomcat/9.0.83]
12:26:53.838 [main] INFO  o.a.c.c.C.[Tomcat].[localhost].[/] -Initializing Spring embedded WebApplicationContext
12:26:53.839 [main] INFO  o.s.b.w.s.c.ServletWebServerApplicationContext -Root WebApplicationContext: initialization completed in 494 ms
12:26:53.909 [main] INFO  o.h.jpa.internal.util.LogHelper -HHH000204: Processing PersistenceUnitInfo [name: default]
12:26:53.927 [main] INFO  org.hibernate.Version -HHH000412: Hibernate ORM core version 5.6.15.Final
12:26:53.980 [main] INFO  o.h.annotations.common.Version -HCANN000001: Hibernate Commons Annotations {5.1.2.Final}
12:26:54.010 [main] INFO  com.zaxxer.hikari.HikariDataSource -HikariPool-1 - Starting...
12:26:54.052 [main] INFO  com.zaxxer.hikari.HikariDataSource -HikariPool-1 - Start completed.
12:26:54.060 [main] INFO  org.hibernate.dialect.Dialect -HHH000400: Using dialect: org.hibernate.dialect.PostgreSQLDialect
12:26:54.397 [main] INFO  o.h.e.t.j.p.i.JtaPlatformInitiator -HHH000490: Using JtaPlatform implementation: [org.hibernate.engine.transaction.jta.platform.internal.NoJtaPlatform]
12:26:54.401 [main] INFO  o.s.o.j.LocalContainerEntityManagerFactoryBean -Initialized JPA EntityManagerFactory for persistence unit 'default'
12:26:54.648 [main] WARN  o.s.b.a.o.j.JpaBaseConfiguration$JpaWebConfiguration -spring.jpa.open-in-view is enabled by default. Therefore, database queries may be performed during view rendering. Explicitly configure spring.jpa.open-in-view to disable this warning
12:26:54.767 [main] INFO  o.a.coyote.http11.Http11NioProtocol -Starting ProtocolHandler ["http-nio-8080"]
12:26:54.774 [main] INFO  o.s.b.w.e.tomcat.TomcatWebServer -Tomcat started on port(s): 8080 (http) with context path ''
12:26:54.778 [main] INFO  c.s.SevaBank.SevaBankApplication -Started SevaBankApplication in 1.604 seconds (JVM running for 1.805)
12:26:59.711 [http-nio-8080-exec-1] INFO  o.a.c.c.C.[Tomcat].[localhost].[/] -Initializing Spring DispatcherServlet 'dispatcherServlet'
12:26:59.711 [http-nio-8080-exec-1] INFO  o.s.web.servlet.DispatcherServlet -Initializing Servlet 'dispatcherServlet'
12:26:59.714 [http-nio-8080-exec-1] INFO  o.s.web.servlet.DispatcherServlet -Completed initialization in 2 ms
