14:54:20.281 [SpringApplicationShutdownHook] INFO  com.zaxxer.hikari.HikariDataSource -HikariPool-1 - Shutdown initiated...
14:54:20.286 [SpringApplicationShutdownHook] INFO  com.zaxxer.hikari.HikariDataSource -HikariPool-1 - Shutdown completed.
14:54:21.656 [main] INFO  c.s.SevaBank.SevaBankApplication -Starting SevaBankApplication using Java 26.0.1 on 67s-MacBook-Pro.local with PID 17824 (/Users/vishalgautam/Downloads/BankManagementSys/SevaBank/target/classes started by vishalgautam in /Users/vishalgautam/Downloads/BankManagementSys/SevaBank)
14:54:21.657 [main] INFO  c.s.SevaBank.SevaBankApplication -No active profile set, falling back to 1 default profile: "default"
14:54:21.868 [main] INFO  o.s.d.r.c.RepositoryConfigurationDelegate -Bootstrapping Spring Data JPA repositories in DEFAULT mode.
14:54:21.874 [main] INFO  o.s.d.r.c.RepositoryConfigurationDelegate -Finished Spring Data repository scanning in 3 ms. Found 0 JPA repository interfaces.
14:54:22.031 [main] INFO  o.s.b.w.e.tomcat.TomcatWebServer -Tomcat initialized with port(s): 8080 (http)
14:54:22.033 [main] INFO  o.a.coyote.http11.Http11NioProtocol -Initializing ProtocolHandler ["http-nio-8080"]
14:54:22.034 [main] INFO  o.a.catalina.core.StandardService -Starting service [Tomcat]
14:54:22.034 [main] INFO  o.a.catalina.core.StandardEngine -Starting Servlet engine: [Apache Tomcat/9.0.83]
14:54:22.064 [main] INFO  o.a.c.c.C.[Tomcat].[localhost].[/] -Initializing Spring embedded WebApplicationContext
14:54:22.064 [main] INFO  o.s.b.w.s.c.ServletWebServerApplicationContext -Root WebApplicationContext: initialization completed in 388 ms
14:54:22.246 [main] INFO  o.a.coyote.http11.Http11NioProtocol -Starting ProtocolHandler ["http-nio-8080"]
14:54:22.253 [main] INFO  o.s.b.w.e.tomcat.TomcatWebServer -Tomcat started on port(s): 8080 (http) with context path ''
14:54:22.257 [main] INFO  c.s.SevaBank.SevaBankApplication -Started SevaBankApplication in 0.735 seconds (JVM running for 0.929)
14:54:29.116 [http-nio-8080-exec-1] INFO  o.a.c.c.C.[Tomcat].[localhost].[/] -Initializing Spring DispatcherServlet 'dispatcherServlet'
14:54:29.116 [http-nio-8080-exec-1] INFO  o.s.web.servlet.DispatcherServlet -Initializing Servlet 'dispatcherServlet'
14:54:29.117 [http-nio-8080-exec-1] INFO  o.s.web.servlet.DispatcherServlet -Completed initialization in 0 ms
14:54:29.130 [http-nio-8080-exec-1] INFO  com.zaxxer.hikari.HikariDataSource -HikariPool-1 - Starting...
14:54:29.132 [http-nio-8080-exec-1] WARN  c.z.hikari.util.DriverDataSource -Registered driver with driverClassName=com.mysql.jdbc.Driver was not found, trying direct instantiation.
14:54:29.301 [http-nio-8080-exec-1] INFO  com.zaxxer.hikari.pool.HikariPool -HikariPool-1 - Added connection com.mysql.cj.jdbc.ConnectionImpl@46ba277e
14:54:29.302 [http-nio-8080-exec-1] INFO  com.zaxxer.hikari.HikariDataSource -HikariPool-1 - Start completed.
