16:24:52.114 [main] INFO  c.s.SevaBank.SevaBankApplication -Starting SevaBankApplication using Java 26.0.1 on 67s-MacBook-Pro.local with PID 24090 (/Users/vishalgautam/Downloads/BankManagementSys/SevaBank/target/classes started by vishalgautam in /Users/vishalgautam/Downloads/BankManagementSys/SevaBank)
16:24:52.116 [main] INFO  c.s.SevaBank.SevaBankApplication -No active profile set, falling back to 1 default profile: "default"
16:24:52.361 [main] INFO  o.s.d.r.c.RepositoryConfigurationDelegate -Bootstrapping Spring Data JPA repositories in DEFAULT mode.
16:24:52.380 [main] INFO  o.s.d.r.c.RepositoryConfigurationDelegate -Finished Spring Data repository scanning in 16 ms. Found 1 JPA repository interfaces.
16:24:52.559 [main] INFO  o.s.b.w.e.tomcat.TomcatWebServer -Tomcat initialized with port(s): 8080 (http)
16:24:52.562 [main] INFO  o.a.coyote.http11.Http11NioProtocol -Initializing ProtocolHandler ["http-nio-8080"]
16:24:52.562 [main] INFO  o.a.catalina.core.StandardService -Starting service [Tomcat]
16:24:52.562 [main] INFO  o.a.catalina.core.StandardEngine -Starting Servlet engine: [Apache Tomcat/9.0.83]
16:24:52.596 [main] INFO  o.a.c.c.C.[Tomcat].[localhost].[/] -Initializing Spring embedded WebApplicationContext
16:24:52.596 [main] INFO  o.s.b.w.s.c.ServletWebServerApplicationContext -Root WebApplicationContext: initialization completed in 452 ms
16:24:52.677 [main] INFO  o.h.jpa.internal.util.LogHelper -HHH000204: Processing PersistenceUnitInfo [name: default]
16:24:52.692 [main] INFO  org.hibernate.Version -HHH000412: Hibernate ORM core version 5.6.15.Final
16:24:52.740 [main] INFO  o.h.annotations.common.Version -HCANN000001: Hibernate Commons Annotations {5.1.2.Final}
16:24:52.764 [main] INFO  com.zaxxer.hikari.HikariDataSource -HikariPool-1 - Starting...
16:24:52.803 [main] INFO  com.zaxxer.hikari.HikariDataSource -HikariPool-1 - Start completed.
16:24:52.810 [main] INFO  org.hibernate.dialect.Dialect -HHH000400: Using dialect: org.hibernate.dialect.PostgreSQLDialect
16:24:53.087 [main] INFO  o.h.e.t.j.p.i.JtaPlatformInitiator -HHH000490: Using JtaPlatform implementation: [org.hibernate.engine.transaction.jta.platform.internal.NoJtaPlatform]
16:24:53.090 [main] INFO  o.s.o.j.LocalContainerEntityManagerFactoryBean -Initialized JPA EntityManagerFactory for persistence unit 'default'
16:24:53.203 [main] WARN  o.s.b.a.o.j.JpaBaseConfiguration$JpaWebConfiguration -spring.jpa.open-in-view is enabled by default. Therefore, database queries may be performed during view rendering. Explicitly configure spring.jpa.open-in-view to disable this warning
16:24:53.294 [main] INFO  o.a.coyote.http11.Http11NioProtocol -Starting ProtocolHandler ["http-nio-8080"]
16:24:53.302 [main] INFO  o.s.b.w.e.tomcat.TomcatWebServer -Tomcat started on port(s): 8080 (http) with context path ''
16:24:53.308 [main] INFO  c.s.SevaBank.SevaBankApplication -Started SevaBankApplication in 1.326 seconds (JVM running for 1.513)
16:24:56.399 [http-nio-8080-exec-1] INFO  o.a.c.c.C.[Tomcat].[localhost].[/] -Initializing Spring DispatcherServlet 'dispatcherServlet'
16:24:56.400 [http-nio-8080-exec-1] INFO  o.s.web.servlet.DispatcherServlet -Initializing Servlet 'dispatcherServlet'
16:24:56.401 [http-nio-8080-exec-1] INFO  o.s.web.servlet.DispatcherServlet -Completed initialization in 1 ms
