11:18:09.630 [SpringApplicationShutdownHook] INFO  o.s.o.j.LocalContainerEntityManagerFactoryBean -Closing JPA EntityManagerFactory for persistence unit 'default'
11:18:09.632 [SpringApplicationShutdownHook] INFO  com.zaxxer.hikari.HikariDataSource -HikariPool-1 - Shutdown initiated...
11:18:09.634 [SpringApplicationShutdownHook] INFO  com.zaxxer.hikari.HikariDataSource -HikariPool-1 - Shutdown completed.
11:18:11.348 [main] INFO  c.s.SevaBank.SevaBankApplication -Starting SevaBankApplication using Java 26.0.1 on 67s-MacBook-Pro.local with PID 6939 (/Users/vishalgautam/Downloads/BankManagementSys/SevaBank/target/classes started by vishalgautam in /Users/vishalgautam/Downloads/BankManagementSys/SevaBank)
11:18:11.348 [main] INFO  c.s.SevaBank.SevaBankApplication -No active profile set, falling back to 1 default profile: "default"
11:18:11.601 [main] INFO  o.s.d.r.c.RepositoryConfigurationDelegate -Bootstrapping Spring Data JPA repositories in DEFAULT mode.
11:18:11.624 [main] INFO  o.s.d.r.c.RepositoryConfigurationDelegate -Finished Spring Data repository scanning in 18 ms. Found 3 JPA repository interfaces.
11:18:11.780 [main] INFO  o.s.b.w.e.tomcat.TomcatWebServer -Tomcat initialized with port(s): 8080 (http)
11:18:11.782 [main] INFO  o.a.coyote.http11.Http11NioProtocol -Initializing ProtocolHandler ["http-nio-8080"]
11:18:11.783 [main] INFO  o.a.catalina.core.StandardService -Starting service [Tomcat]
11:18:11.783 [main] INFO  o.a.catalina.core.StandardEngine -Starting Servlet engine: [Apache Tomcat/9.0.83]
11:18:11.826 [main] INFO  o.a.c.c.C.[Tomcat].[localhost].[/] -Initializing Spring embedded WebApplicationContext
11:18:11.826 [main] INFO  o.s.b.w.s.c.ServletWebServerApplicationContext -Root WebApplicationContext: initialization completed in 455 ms
11:18:11.901 [main] INFO  o.h.jpa.internal.util.LogHelper -HHH000204: Processing PersistenceUnitInfo [name: default]
11:18:11.916 [main] INFO  org.hibernate.Version -HHH000412: Hibernate ORM core version 5.6.15.Final
11:18:11.964 [main] INFO  o.h.annotations.common.Version -HCANN000001: Hibernate Commons Annotations {5.1.2.Final}
11:18:11.988 [main] INFO  com.zaxxer.hikari.HikariDataSource -HikariPool-1 - Starting...
11:18:12.022 [main] INFO  com.zaxxer.hikari.HikariDataSource -HikariPool-1 - Start completed.
11:18:12.026 [main] INFO  org.hibernate.dialect.Dialect -HHH000400: Using dialect: org.hibernate.dialect.PostgreSQLDialect
11:18:12.302 [main] INFO  o.h.e.t.j.p.i.JtaPlatformInitiator -HHH000490: Using JtaPlatform implementation: [org.hibernate.engine.transaction.jta.platform.internal.NoJtaPlatform]
11:18:12.305 [main] INFO  o.s.o.j.LocalContainerEntityManagerFactoryBean -Initialized JPA EntityManagerFactory for persistence unit 'default'
11:18:12.518 [main] WARN  o.s.b.a.o.j.JpaBaseConfiguration$JpaWebConfiguration -spring.jpa.open-in-view is enabled by default. Therefore, database queries may be performed during view rendering. Explicitly configure spring.jpa.open-in-view to disable this warning
11:18:12.649 [main] INFO  o.a.coyote.http11.Http11NioProtocol -Starting ProtocolHandler ["http-nio-8080"]
11:18:12.657 [main] INFO  o.s.b.w.e.tomcat.TomcatWebServer -Tomcat started on port(s): 8080 (http) with context path ''
11:18:12.662 [main] INFO  c.s.SevaBank.SevaBankApplication -Started SevaBankApplication in 1.446 seconds (JVM running for 1.635)
11:18:17.846 [http-nio-8080-exec-1] INFO  o.a.c.c.C.[Tomcat].[localhost].[/] -Initializing Spring DispatcherServlet 'dispatcherServlet'
11:18:17.846 [http-nio-8080-exec-1] INFO  o.s.web.servlet.DispatcherServlet -Initializing Servlet 'dispatcherServlet'
11:18:17.847 [http-nio-8080-exec-1] INFO  o.s.web.servlet.DispatcherServlet -Completed initialization in 1 ms
11:18:17.856 [http-nio-8080-exec-1] INFO  c.s.S.s.impl.AdminServicesImpln -returned all the bank accounts
11:18:17.875 [http-nio-8080-exec-1] INFO  c.s.S.s.impl.AdminServicesImpln -returned all the bank accounts
11:18:32.517 [http-nio-8080-exec-5] INFO  o.s.api.AbstractOpenApiResource -Init duration for springdoc-openapi is: 368 ms
11:18:36.858 [http-nio-8080-exec-6] INFO  c.s.S.s.impl.AdminServicesImpln -returned all the bank accounts
11:18:36.866 [http-nio-8080-exec-6] INFO  c.s.S.s.impl.AdminServicesImpln -returned all the bank accounts
