16:41:34.320 [main] INFO  c.s.SevaBank.SevaBankApplication -Starting SevaBankApplication using Java 26.0.1 on 67s-MacBook-Pro.local with PID 24603 (/Users/vishalgautam/Downloads/BankManagementSys/SevaBank/target/classes started by vishalgautam in /Users/vishalgautam/Downloads/BankManagementSys/SevaBank)
16:41:34.323 [main] INFO  c.s.SevaBank.SevaBankApplication -No active profile set, falling back to 1 default profile: "default"
16:41:34.647 [main] INFO  o.s.d.r.c.RepositoryConfigurationDelegate -Bootstrapping Spring Data JPA repositories in DEFAULT mode.
16:41:34.666 [main] INFO  o.s.d.r.c.RepositoryConfigurationDelegate -Finished Spring Data repository scanning in 17 ms. Found 3 JPA repository interfaces.
16:41:34.841 [main] INFO  o.s.b.w.e.tomcat.TomcatWebServer -Tomcat initialized with port(s): 8080 (http)
16:41:34.844 [main] INFO  o.a.coyote.http11.Http11NioProtocol -Initializing ProtocolHandler ["http-nio-8080"]
16:41:34.845 [main] INFO  o.a.catalina.core.StandardService -Starting service [Tomcat]
16:41:34.845 [main] INFO  o.a.catalina.core.StandardEngine -Starting Servlet engine: [Apache Tomcat/9.0.83]
16:41:34.884 [main] INFO  o.a.c.c.C.[Tomcat].[localhost].[/] -Initializing Spring embedded WebApplicationContext
16:41:34.884 [main] INFO  o.s.b.w.s.c.ServletWebServerApplicationContext -Root WebApplicationContext: initialization completed in 531 ms
16:41:34.960 [main] INFO  o.h.jpa.internal.util.LogHelper -HHH000204: Processing PersistenceUnitInfo [name: default]
16:41:34.978 [main] INFO  org.hibernate.Version -HHH000412: Hibernate ORM core version 5.6.15.Final
16:41:35.030 [main] INFO  o.h.annotations.common.Version -HCANN000001: Hibernate Commons Annotations {5.1.2.Final}
16:41:35.065 [main] INFO  com.zaxxer.hikari.HikariDataSource -HikariPool-1 - Starting...
16:41:35.102 [main] INFO  com.zaxxer.hikari.HikariDataSource -HikariPool-1 - Start completed.
16:41:35.109 [main] INFO  org.hibernate.dialect.Dialect -HHH000400: Using dialect: org.hibernate.dialect.PostgreSQLDialect
16:41:35.385 [main] INFO  o.h.e.t.j.p.i.JtaPlatformInitiator -HHH000490: Using JtaPlatform implementation: [org.hibernate.engine.transaction.jta.platform.internal.NoJtaPlatform]
16:41:35.388 [main] INFO  o.s.o.j.LocalContainerEntityManagerFactoryBean -Initialized JPA EntityManagerFactory for persistence unit 'default'
16:41:35.618 [main] WARN  o.s.b.a.o.j.JpaBaseConfiguration$JpaWebConfiguration -spring.jpa.open-in-view is enabled by default. Therefore, database queries may be performed during view rendering. Explicitly configure spring.jpa.open-in-view to disable this warning
16:41:35.751 [main] INFO  o.a.coyote.http11.Http11NioProtocol -Starting ProtocolHandler ["http-nio-8080"]
16:41:35.759 [main] INFO  o.s.b.w.e.tomcat.TomcatWebServer -Tomcat started on port(s): 8080 (http) with context path ''
16:41:35.763 [main] INFO  c.s.SevaBank.SevaBankApplication -Started SevaBankApplication in 1.584 seconds (JVM running for 1.815)
16:41:41.468 [http-nio-8080-exec-1] INFO  o.a.c.c.C.[Tomcat].[localhost].[/] -Initializing Spring DispatcherServlet 'dispatcherServlet'
16:41:41.468 [http-nio-8080-exec-1] INFO  o.s.web.servlet.DispatcherServlet -Initializing Servlet 'dispatcherServlet'
16:41:41.470 [http-nio-8080-exec-1] INFO  o.s.web.servlet.DispatcherServlet -Completed initialization in 2 ms
16:41:41.868 [http-nio-8080-exec-2] INFO  o.s.api.AbstractOpenApiResource -Init duration for springdoc-openapi is: 306 ms
